[mycelium-timeline] timeline 1/5: 1 candidates → +1/~0/=0 in 0s — q=001be529
[mycelium-timeline] timeline 2/5: SUPERSEDE 1 — "The user has a manager named Alex" — q=001be529
[mycelium-timeline] timeline 2/5: 1 candidates → +0/~1/=0 in 0s — q=001be529
[mycelium-timeline] timeline 3/5: SUPERSEDE 2 — "The user has a manager named Alex" — q=001be529
[mycelium-timeline] timeline 3/5: 1 candidates → +0/~1/=0 in 0s — q=001be529
[mycelium-timeline] timeline 4/5: SUPERSEDE 3 — "The user has a manager named Alex" — q=001be529
[mycelium-timeline] timeline 4/5: 1 candidates → +0/~1/=0 in 0s — q=001be529
[mycelium-timeline] timeline 5/5: SUPERSEDE 4 — "The user has a manager named Alex" — q=001be529
[mycelium-timeline] timeline 5/5: 1 candidates → +0/~1/=0 in 0s — q=001be529
[run] mycelium-timeline: wrote 5 docs / 16 rows; waiting for coverage of bench-p1-2026-09-18-p1-021600, bench-p1-2026-09-18-p1-021600-amfacts (cap 8 min)...
[run] embedding wait: {"scope":"namespace","namespaces":["bench-p1-2026-09-18-p1-021600","bench-p1-2026-09-18-p1-021600-amfacts"],"waited_ms":15010,"settled":true,"poll_failures":0,"coverage_after":100,"coverage_by_namespace":{"bench-p1-2026-09-18-p1-021600":100,"bench-p1-2026-09-18-p1-021600-amfacts":100}}
[run] cleanup facts bench-p1-2026-09-18-p1-021600-amfacts: 5 fact rows purged (DELETE /auto-memory/facts?namespace=bench-p1-2026-09-18-p1-021600-amfacts)
[run] cleanup bench-p1-2026-09-18-p1-021600 (bench_longmemeval): 5 deleted in 1 batches, 0 failed, 0 remaining
[run] cleanup bench-p1-2026-09-18-p1-021600-amfacts (am_fact): 0 deleted in 0 batches, 0 failed, 0 remaining
[run] receipt: /private/tmp/myc-amfacts-purge/bench/memory/receipts/2026-09-18-p1-021600.md
{
  "run_id": "2026-09-18-p1-021600",
  "out_dir": "bench/memory/results/2026-09-18-p1-021600",
  "arms": {
    "mycelium-timeline": {
      "n": 1,
      "write": {
        "docs": 5,
        "rows": 16,
        "skipped": false,
        "sessions_capped_at": 5,
        "facts": 5,
        "facts_counts": [
          1,
          1,
          1,
          1,
          1
        ],
        "extract_ms": 12,
        "reconcile_ms": 41,
        "parse_failures": 0,
        "timeline": {
          "candidates": 5,
          "adds": 1,
          "supersedes": 4,
          "keeps": 0,
          "auto_adds": 1,
          "decision_calls": 4,
          "decision_failures": 0,
          "fastpath_adds": 0,
          "fastpath_skips_unembedded": 0,
          "per_question": [
            {
              "question_id": "001be529",
              "candidates": 5,
              "adds": 1,
              "supersedes": 4,
              "keeps": 0,
              "auto_adds": 1,
              "decision_calls": 4,
              "decision_failures": 0,
              "fastpath_adds": 0,
              "fastpath_skips_unembedded": 0,
              "seconds_per_session": [
                0,
                0,
                0,
                0,
                0
              ],
              "candidates_ledger": [
                {
                  "index": 0,
                  "session_index": 0,
                  "text": "The user has a manager named Alex",
                  "decision": "ADD",
                  "ok": true,
                  "source": "auto_add_on_no_match",
                  "shown_ids": [],
                  "top_score": null,
                  "source_id": "1"
                },
                {
                  "index": 0,
                  "session_index": 1,
                  "text": "The user has a manager named Alex",
                  "decision": "SUPERSEDE",
                  "ok": true,
                  "source": "decision",
                  "shown_ids": [
                    "1"
                  ],
                  "top_score": 7.4015720859040615,
                  "source_id": "2"
                },
                {
                  "index": 0,
                  "session_index": 2,
                  "text": "The user has a manager named Alex",
                  "decision": "SUPERSEDE",
                  "ok": true,
                  "source": "decision",
                  "shown_ids": [
                    "2"
                  ],
                  "top_score": 6.0662675640223105,
                  "source_id": "3"
                },
                {
                  "index": 0,
                  "session_index": 3,
                  "text": "The user has a manager named Alex",
                  "decision": "SUPERSEDE",
                  "ok": true,
                  "source": "decision",
                  "shown_ids": [
                    "3"
                  ],
                  "top_score": 6.306175758373772,
                  "source_id": "4"
                },
                {
                  "index": 0,
                  "session_index": 4,
                  "text": "The user has a manager named Alex",
                  "decision": "SUPERSEDE",
                  "ok": true,
                  "source": "decision",
                  "shown_ids": [
                    "4"
                  ],
                  "top_score": 6.1258166600939,
                  "source_id": "5"
                }
              ]
            }
          ]
        },
        "write_ms": 87,
        "embed_wait": {
          "scope": "namespace",
          "namespaces": [
            "bench-p1-2026-09-18-p1-021600",
            "bench-p1-2026-09-18-p1-021600-amfacts"
          ],
          "waited_ms": 15010,
          "settled": true,
          "poll_failures": 0,
          "coverage_after": 100,
          "coverage_by_namespace": {
            "bench-p1-2026-09-18-p1-021600": 100,
            "bench-p1-2026-09-18-p1-021600-amfacts": 100
          }
        }
      },
      "elapsed_ms": 15113,
      "score": {
        "n": 1,
        "counts": {
          "exact": 1,
          "partial": 0,
          "wrong": 0
        },
        "unparsed": 0,
        "p1_score": 1
      },
      "retrieval_modes": {
        "hybrid": 1
      }
    }
  }
}
