[mycelium-timeline] timeline 1/5: 1 candidates → +1/~0/=0 in 0s — q=001be529
[mycelium-timeline] timeline 2/5: SUPERSEDE 2026-09-18-p1-021544-001be529-tl-f0 — "The user has a manager named Alex" — q=001be529
[mycelium-timeline] timeline 2/5: 1 candidates → +0/~1/=0 in 0s — q=001be529
[mycelium-timeline] timeline 3/5: SUPERSEDE 2026-09-18-p1-021544-001be529-tl-f1 — "The user has a manager named Alex" — q=001be529
[mycelium-timeline] timeline 3/5: 1 candidates → +0/~1/=0 in 0s — q=001be529
[mycelium-timeline] timeline 4/5: SUPERSEDE 2026-09-18-p1-021544-001be529-tl-f2 — "The user has a manager named Alex" — q=001be529
[mycelium-timeline] timeline 4/5: 1 candidates → +0/~1/=0 in 0s — q=001be529
[mycelium-timeline] timeline 5/5: SUPERSEDE 2026-09-18-p1-021544-001be529-tl-f3 — "The user has a manager named Alex" — q=001be529
[mycelium-timeline] timeline 5/5: 1 candidates → +0/~1/=0 in 0s — q=001be529
[run] mycelium-timeline: wrote 5 docs / 25 rows; waiting for coverage of bench-p1-2026-09-18-p1-021544, bench-p1-2026-09-18-p1-021544-timeline (cap 8 min)...
[run] embedding wait: {"scope":"namespace","namespaces":["bench-p1-2026-09-18-p1-021544","bench-p1-2026-09-18-p1-021544-timeline"],"waited_ms":15012,"settled":true,"poll_failures":0,"coverage_after":100,"coverage_by_namespace":{"bench-p1-2026-09-18-p1-021544":100,"bench-p1-2026-09-18-p1-021544-timeline":100}}
[run] cleanup bench-p1-2026-09-18-p1-021544 (bench_longmemeval): 5 deleted in 1 batches, 0 failed, 0 remaining
[run] cleanup bench-p1-2026-09-18-p1-021544-timeline (bench_longmemeval): 5 deleted in 1 batches, 0 failed, 0 remaining
[run] receipt: /private/tmp/myc-amfacts-purge/bench/memory/receipts/2026-09-18-p1-021544.md
{
  "run_id": "2026-09-18-p1-021544",
  "out_dir": "bench/memory/results/2026-09-18-p1-021544",
  "arms": {
    "mycelium-timeline": {
      "n": 1,
      "write": {
        "docs": 5,
        "rows": 25,
        "skipped": false,
        "sessions_capped_at": 5,
        "facts": 5,
        "facts_counts": [
          1,
          1,
          1,
          1,
          1
        ],
        "extract_ms": 11,
        "reconcile_ms": 39,
        "parse_failures": 0,
        "timeline": {
          "candidates": 5,
          "adds": 1,
          "supersedes": 4,
          "keeps": 0,
          "auto_adds": 1,
          "decision_calls": 4,
          "decision_failures": 0,
          "fastpath_adds": 0,
          "fastpath_skips_unembedded": 4,
          "per_question": [
            {
              "question_id": "001be529",
              "candidates": 5,
              "adds": 1,
              "supersedes": 4,
              "keeps": 0,
              "auto_adds": 1,
              "decision_calls": 4,
              "decision_failures": 0,
              "fastpath_adds": 0,
              "fastpath_skips_unembedded": 4,
              "seconds_per_session": [
                0,
                0,
                0,
                0,
                0
              ],
              "candidates_ledger": [
                {
                  "index": 0,
                  "session_index": 0,
                  "text": "The user has a manager named Alex",
                  "decision": "ADD",
                  "ok": true,
                  "source": "auto_add_on_no_match",
                  "shown_ids": [],
                  "top_score": null,
                  "source_id": "2026-09-18-p1-021544-001be529-tl-f0"
                },
                {
                  "index": 0,
                  "session_index": 1,
                  "text": "The user has a manager named Alex",
                  "decision": "SUPERSEDE",
                  "ok": true,
                  "source": "fastpath_skipped_unembedded",
                  "shown_ids": [
                    "2026-09-18-p1-021544-001be529-tl-f0"
                  ],
                  "top_score": 7.4015720859040615,
                  "source_id": "2026-09-18-p1-021544-001be529-tl-f1"
                },
                {
                  "index": 0,
                  "session_index": 2,
                  "text": "The user has a manager named Alex",
                  "decision": "SUPERSEDE",
                  "ok": true,
                  "source": "fastpath_skipped_unembedded",
                  "shown_ids": [
                    "2026-09-18-p1-021544-001be529-tl-f1"
                  ],
                  "top_score": 6.065794805330156,
                  "source_id": "2026-09-18-p1-021544-001be529-tl-f2"
                },
                {
                  "index": 0,
                  "session_index": 3,
                  "text": "The user has a manager named Alex",
                  "decision": "SUPERSEDE",
                  "ok": true,
                  "source": "fastpath_skipped_unembedded",
                  "shown_ids": [
                    "2026-09-18-p1-021544-001be529-tl-f2"
                  ],
                  "top_score": 6.305485079776468,
                  "source_id": "2026-09-18-p1-021544-001be529-tl-f3"
                },
                {
                  "index": 0,
                  "session_index": 4,
                  "text": "The user has a manager named Alex",
                  "decision": "SUPERSEDE",
                  "ok": true,
                  "source": "fastpath_skipped_unembedded",
                  "shown_ids": [
                    "2026-09-18-p1-021544-001be529-tl-f3"
                  ],
                  "top_score": 6.1250107206253315,
                  "source_id": "2026-09-18-p1-021544-001be529-tl-f4"
                }
              ]
            }
          ]
        },
        "write_ms": 68,
        "embed_wait": {
          "scope": "namespace",
          "namespaces": [
            "bench-p1-2026-09-18-p1-021544",
            "bench-p1-2026-09-18-p1-021544-timeline"
          ],
          "waited_ms": 15012,
          "settled": true,
          "poll_failures": 0,
          "coverage_after": 100,
          "coverage_by_namespace": {
            "bench-p1-2026-09-18-p1-021544": 100,
            "bench-p1-2026-09-18-p1-021544-timeline": 100
          }
        }
      },
      "elapsed_ms": 15096,
      "score": {
        "n": 1,
        "counts": {
          "exact": 1,
          "partial": 0,
          "wrong": 0
        },
        "unparsed": 0,
        "p1_score": 1
      },
      "retrieval_modes": {
        "hybrid": 1
      }
    }
  }
}
